// Jest Snapshot v1, https://goo.gl/fbAQLP

exports[`getData should call axios get method only one time 1`] = `
[
  "1",
  "2",
  "3",
  "4",
]
`;
